// Jest Snapshot v1, https://goo.gl/fbAQLP

exports[`<Search /> component test should load the component in default state 1`] = `"<div class=\\"css-1crzyyo ey3zdxb0\\"><div role=\\"combobox\\" aria-haspopup=\\"listbox\\" aria-owns=\\"react-autowhatever-1\\" aria-expanded=\\"false\\" class=\\"react-autosuggest__container\\"><div class=\\"MuiFormControl-root-1\\"><div class=\\"MuiInputBase-root-18 MuiInput-root-5 css-n9ojyg MuiInput-underline-9 MuiInputBase-formControl-19 MuiInput-formControl-6\\"><input aria-invalid=\\"false\\" class=\\"MuiInputBase-input-28 MuiInput-input-13 css-hodoyq\\" type=\\"text\\" value=\\"\\"></div></div><div class=\\"MuiPaper-root-35 MuiPaper-elevation2-39\\"></div></div></div>"`;
